[srbooks.odoo.com/index.html]
[backblue.gif]
[fade.gif]
[index.html]
[srbooks.odoo.com/web/image/website/1/srbooks72bd.webp]
[srbooks.odoo.com/web/image/website/1/srbooksccc1.ico]
[srbooks.odoo.com/web/static/src/libs/fontawesome/fonts/fontawesome-webfont3e6e.woff2]
[srbooks.odoo.com/web/assets/1/639e7f0/web.assets_frontend.min.css]
[srbooks.odoo.com/web/assets/1/16f72aa/web.assets_frontend_minimal.min.js]
[srbooks.odoo.com/web/image/website/1/logo/srbooksccc1.webp]
[srbooks.odoo.com/shop.html]
[srbooks.odoo.com/our-services.html]
[srbooks.odoo.com/about-us.html]
[srbooks.odoo.com/contactus.html]
[srbooks.odoo.com/shop/cart.html]
[srbooks.odoo.com/web/login.html]
[srbooks.odoo.com/_/web/image/938-5e61402a/cr=w_1200,h_600_]
[srbooks.odoo.com/web/image/940-e9446750/download.webp]
[srbooks.odoo.com/forum/help-1.html]
[srbooks.odoo.com/web/static/img/odoo_logo_tiny.png]
[srbooks.odoo.com/index.html]
[srbooks.odoo.com/web/static/img/transparent.png]
[srbooks.odoo.com/web/static/src/libs/fontawesome/fonts/fontawesome-webfont3e6e.woff]
[srbooks.odoo.com/web/static/lib/odoo_ui_icons/fonts/odoo_ui_icons.woff2]
[srbooks.odoo.com/web/static/lib/odoo_ui_icons/fonts/odoo_ui_icons.woff]
[srbooks.odoo.com/web/static/fonts/tiktok_only.woff]
[srbooks.odoo.com/web/static/fonts/twitter_x_only.woff]
[srbooks.odoo.com/web/static/img/openhand.cur]
[srbooks.odoo.com/web/assets/1/639e7f0/web.assets_frontend.min.css]
[srbooks.odoo.com/web/image/website/1/srbooksccc1.webp]
[srbooks.odoo.com/web/image/website/1/logo/srbooksccc1-2.webp]
[srbooks.odoo.com/shopaaea.html]
[srbooks.odoo.com/shop5287.html]
[srbooks.odoo.com/shop528b.html]
[srbooks.odoo.com/shop9d3a.html]
[srbooks.odoo.com/shop86c9.html]
[srbooks.odoo.com/shop/the-love-she-never-knew-2.html]
[srbooks.odoo.com/web/image/product.template/2/image_1024/THE LOVE SHE NEVER KNEWd269.webp]
[srbooks.odoo.com/shop.html]
[srbooks.odoo.com/_/web_editor/shape/web_editor/Connections/200cb2.svg]
[srbooks.odoo.com/our-services.html]
[srbooks.odoo.com/web/image/website/1/srbooks.webp]
[srbooks.odoo.com/_/web_editor/shape/web_editor/Connections/205c3f.svg]
[srbooks.odoo.com/web/image/978-a7179cfd/download (2).webp]
[srbooks.odoo.com/about-us.html]
[srbooks.odoo.com/_/web/image/934-c621f4fd/How to Download Thousands of Classic Books and Movies That Just Entered the Public Domain.jpg_]
[srbooks.odoo.com/contactus.html]
[srbooks.odoo.com/shop/cart.html]
[srbooks.odoo.com/web/reset_password.html]
[srbooks.odoo.com/web/signup.html]
[srbooks.odoo.com/web/login.html]
[srbooks.odoo.com/web/image/937-7d3c79ca/Reading%20time%F0%9F%93%96.svg]
[srbooks.odoo.com/_/web/image/938-5e61402a/cr=w_1200,h_600_.html]
[srbooks.odoo.com/web/image/939-ad877fbe/How%20to%20Download%20Thousands%20of%20Classic%20Books%20and%20Movies%20That%20Just%20Entered%20the%20Public%20Domain.svg]
[srbooks.odoo.com/web/image/941-303b47b1/aesthetic-book-pictures-900-x-1098-9sntumfkv06d25xq.svg]
[srbooks.odoo.com/forum/'/web/image/forum.forum/1/image_19201b60]
[srbooks.odoo.com/profile/users4da6.html]
[srbooks.odoo.com/profile/ranks_badges4da6.html]
[srbooks.odoo.com/forum/help-1/faq.html]
[srbooks.odoo.com/forum/help-1.html]
[srbooks.odoo.com/web/static/img/empty_folder.svg]
[srbooks.odoo.com/web/static/img/mimetypes/unknown.svg]
[srbooks.odoo.com/web/static/img/mimetypes/image.svg]
[srbooks.odoo.com/web/static/img/mimetypes/audio.svg]
[srbooks.odoo.com/web/static/img/mimetypes/text.svg]
[srbooks.odoo.com/web/static/img/mimetypes/binary.svg]
[srbooks.odoo.com/web/static/img/mimetypes/video.svg]
[srbooks.odoo.com/web/static/img/mimetypes/archive.svg]
[srbooks.odoo.com/web/static/img/mimetypes/pdf.svg]
[srbooks.odoo.com/web/static/img/mimetypes/document.svg]
[srbooks.odoo.com/web/static/img/mimetypes/web_code.svg]
[srbooks.odoo.com/web/static/img/mimetypes/web_style.svg]
[srbooks.odoo.com/web/static/img/mimetypes/disk.svg]
[srbooks.odoo.com/web/static/img/mimetypes/spreadsheet.svg]
[srbooks.odoo.com/web/static/img/mimetypes/certificate.svg]
[srbooks.odoo.com/web/static/img/mimetypes/presentation.svg]
[srbooks.odoo.com/web/static/img/mimetypes/font.svg]
[srbooks.odoo.com/web/static/img/mimetypes/print.svg]
[srbooks.odoo.com/web/static/img/mimetypes/script.svg]
[srbooks.odoo.com/web/static/img/mimetypes/javascript.svg]
[srbooks.odoo.com/web/static/img/mimetypes/calendar.svg]
[srbooks.odoo.com/web/static/img/mimetypes/vector.svg]
[srbooks.odoo.com/web_editor/static/src/img/curved_arrow.svg]
[srbooks.odoo.com/web_editor/shape/web_editor/Airy/01c8f1.svg]
[srbooks.odoo.com/web_editor/shape/web_editor/Airy/02c8f1.svg]
[srbooks.odoo.com/web_editor/shape/web_editor/Airy/03b3f6.svg]
[srbooks.odoo.com/web_editor/shape/web_editor/Airy/03_001b3f6.svg]
[srbooks.odoo.com/web_editor/shape/web_editor/Airy/04c8f1.svg]
[srbooks.odoo.com/web_editor/shape/web_editor/Airy/04_001c8f1.svg]
[srbooks.odoo.com/web_editor/shape/web_editor/Airy/05c8f1.svg]
[srbooks.odoo.com/web_editor/shape/web_editor/Airy/05_001c8f1.svg]
[srbooks.odoo.com/web_editor/shape/web_editor/Airy/063b2a.svg]
[srbooks.odoo.com/web_editor/shape/web_editor/Airy/073b2a.svg]
[srbooks.odoo.com/web_editor/shape/web_editor/Airy/08c8f1.svg]
[srbooks.odoo.com/web_editor/shape/web_editor/Airy/09c8f1.svg]
[srbooks.odoo.com/web_editor/shape/web_editor/Airy/106076.svg]
[srbooks.odoo.com/web_editor/shape/web_editor/Airy/11b3f6.svg]
[srbooks.odoo.com/web_editor/shape/web_editor/Airy/12e29d.svg]
[srbooks.odoo.com/web_editor/shape/web_editor/Airy/12_001e29d.svg]
[srbooks.odoo.com/web_editor/shape/web_editor/Airy/135afb.svg]
[srbooks.odoo.com/web_editor/shape/web_editor/Airy/13_0015afb.svg]
[srbooks.odoo.com/web_editor/shape/web_editor/Airy/145afb.svg]
[srbooks.odoo.com/web_editor/shape/web_editor/Blobs/013b2a.svg]
[srbooks.odoo.com/web_editor/shape/web_editor/Blobs/01_0013b2a.svg]
[srbooks.odoo.com/web_editor/shape/web_editor/Blobs/0265e2.svg]
[srbooks.odoo.com/web_editor/shape/web_editor/Blobs/033b2a.svg]
[srbooks.odoo.com/web_editor/shape/web_editor/Blobs/04b3f6.svg]
[srbooks.odoo.com/web_editor/shape/web_editor/Blobs/05c8f1.svg]
[srbooks.odoo.com/web_editor/shape/web_editor/Blobs/06c8f1.svg]
[srbooks.odoo.com/web_editor/shape/web_editor/Blobs/07b3f6.svg]
[srbooks.odoo.com/web_editor/shape/web_editor/Blobs/08c8f1.svg]
[srbooks.odoo.com/web_editor/shape/web_editor/Blobs/09aae3.svg]
[srbooks.odoo.com/web_editor/shape/web_editor/Blobs/106fd3.svg]
[srbooks.odoo.com/web_editor/shape/web_editor/Blobs/10_001c8f1.svg]
[srbooks.odoo.com/web_editor/shape/web_editor/Blobs/11c8f1.svg]
[srbooks.odoo.com/web_editor/shape/web_editor/Blobs/12c8f1.svg]
[srbooks.odoo.com/web_editor/shape/web_editor/Blocks/01dc70.svg]
[srbooks.odoo.com/web_editor/shape/web_editor/Blocks/01_001dc70.svg]
[srbooks.odoo.com/web_editor/shape/web_editor/Blocks/02dc70.svg]
[srbooks.odoo.com/web_editor/shape/web_editor/Blocks/02_001dc70.svg]
[srbooks.odoo.com/web_editor/shape/web_editor/Blocks/035afb.svg]
[srbooks.odoo.com/web_editor/shape/web_editor/Blocks/043fae.svg]
[srbooks.odoo.com/web_editor/shape/web_editor/Bold/013b2a.svg]
[srbooks.odoo.com/web_editor/shape/web_editor/Bold/028aee.svg]
[srbooks.odoo.com/web_editor/shape/web_editor/Bold/03dc70.svg]
[srbooks.odoo.com/web_editor/shape/web_editor/Bold/042eff.svg]
[srbooks.odoo.com/web_editor/shape/web_editor/Bold/05b3f6.svg]
[srbooks.odoo.com/web_editor/shape/web_editor/Bold/05_001aae3.svg]
[srbooks.odoo.com/web_editor/shape/web_editor/Bold/06b3f6.svg]
[srbooks.odoo.com/web_editor/shape/web_editor/Bold/06_001aae3.svg]
[srbooks.odoo.com/web_editor/shape/web_editor/Bold/0765e2.svg]
[srbooks.odoo.com/web_editor/shape/web_editor/Bold/07_00165e2.svg]
[srbooks.odoo.com/web_editor/shape/web_editor/Bold/08c8f1.svg]
[srbooks.odoo.com/web_editor/shape/web_editor/Bold/092eff.svg]
[srbooks.odoo.com/web_editor/shape/web_editor/Bold/101fbc.svg]
[srbooks.odoo.com/web_editor/shape/web_editor/Bold/10_001b42a.svg]
[srbooks.odoo.com/web_editor/shape/web_editor/Bold/118aee.svg]
[srbooks.odoo.com/web_editor/shape/web_editor/Bold/11_00165e2.svg]
[srbooks.odoo.com/web_editor/shape/web_editor/Bold/126864.svg]
[srbooks.odoo.com/web_editor/shape/web_editor/Bold/12_0016864.svg]
[srbooks.odoo.com/web_editor/shape/web_editor/Connections/01b3f6.svg]
[srbooks.odoo.com/web_editor/shape/web_editor/Connections/02b3f6.svg]
[srbooks.odoo.com/web_editor/shape/web_editor/Connections/03b3f6.svg]
[srbooks.odoo.com/web_editor/shape/web_editor/Connections/04b3f6.svg]
[srbooks.odoo.com/web_editor/shape/web_editor/Connections/05b3f6.svg]
[srbooks.odoo.com/web_editor/shape/web_editor/Connections/06b3f6.svg]
[srbooks.odoo.com/web_editor/shape/web_editor/Connections/07b3f6.svg]
[srbooks.odoo.com/web_editor/shape/web_editor/Connections/08b3f6.svg]
[srbooks.odoo.com/web_editor/shape/web_editor/Connections/09b3f6.svg]
[srbooks.odoo.com/web_editor/shape/web_editor/Connections/10b3f6.svg]
[srbooks.odoo.com/web_editor/shape/web_editor/Connections/11b3f6.svg]
[srbooks.odoo.com/web_editor/shape/web_editor/Connections/12b3f6.svg]
[srbooks.odoo.com/web_editor/shape/web_editor/Connections/13b3f6.svg]
[srbooks.odoo.com/web_editor/shape/web_editor/Connections/14b3f6.svg]
[srbooks.odoo.com/web_editor/shape/web_editor/Connections/15b3f6.svg]
[srbooks.odoo.com/web_editor/shape/web_editor/Connections/16b3f6.svg]
[srbooks.odoo.com/web_editor/shape/web_editor/Connections/17b3f6.svg]
[srbooks.odoo.com/web_editor/shape/web_editor/Connections/18b3f6.svg]
[srbooks.odoo.com/web_editor/shape/web_editor/Connections/19b3f6.svg]
[srbooks.odoo.com/web_editor/shape/web_editor/Connections/20b3f6.svg]
[srbooks.odoo.com/web_editor/shape/web_editor/Floats/0158f8.svg]
[srbooks.odoo.com/web_editor/shape/web_editor/Floats/023fae.svg]
[srbooks.odoo.com/web_editor/shape/web_editor/Floats/033fae.svg]
[srbooks.odoo.com/web_editor/shape/web_editor/Floats/040f5d.svg]
[srbooks.odoo.com/web_editor/shape/web_editor/Floats/053fae.svg]
[srbooks.odoo.com/web_editor/shape/web_editor/Floats/063fae.svg]
[srbooks.odoo.com/web_editor/shape/web_editor/Floats/073fae.svg]
[srbooks.odoo.com/web_editor/shape/web_editor/Floats/083fae.svg]
[srbooks.odoo.com/web_editor/shape/web_editor/Floats/098aee.svg]
[srbooks.odoo.com/web_editor/shape/web_editor/Floats/103fae.svg]
[srbooks.odoo.com/web_editor/shape/web_editor/Floats/11e29d.svg]
[srbooks.odoo.com/web_editor/shape/web_editor/Floats/123fae.svg]
[srbooks.odoo.com/web_editor/shape/web_editor/Floats/136864.svg]
[srbooks.odoo.com/web_editor/shape/web_editor/Floats/143fae.svg]
[srbooks.odoo.com/web_editor/shape/web_editor/Origins/01d8be.svg]
[srbooks.odoo.com/web_editor/shape/web_editor/Origins/02aae3.svg]
[srbooks.odoo.com/web_editor/shape/web_editor/Origins/02_0014269.svg]
[srbooks.odoo.com/web_editor/shape/web_editor/Origins/03aae3.svg]
[srbooks.odoo.com/web_editor/shape/web_editor/Origins/04aae3.svg]
[srbooks.odoo.com/web_editor/shape/web_editor/Origins/04_001198d.svg]
[srbooks.odoo.com/web_editor/shape/web_editor/Origins/05aae3.svg]
[srbooks.odoo.com/web_editor/shape/web_editor/Origins/06aae3.svg]
[srbooks.odoo.com/web_editor/shape/web_editor/Origins/06_001f805.svg]
[srbooks.odoo.com/web_editor/shape/web_editor/Origins/07aae3.svg]
[srbooks.odoo.com/web_editor/shape/web_editor/Origins/07_001d735.svg]
[srbooks.odoo.com/web_editor/shape/web_editor/Origins/07_002952a.svg]
[srbooks.odoo.com/web_editor/shape/web_editor/Origins/07_00274ff.svg]
[srbooks.odoo.com/web_editor/shape/web_editor/Origins/08aae3.svg]
[srbooks.odoo.com/web_editor/shape/web_editor/Origins/096fd3.svg]
[srbooks.odoo.com/web_editor/shape/web_editor/Origins/09_001aae3.svg]
[srbooks.odoo.com/web_editor/shape/web_editor/Origins/10d8be.svg]
[srbooks.odoo.com/web_editor/shape/web_editor/Origins/11d735.svg]
[srbooks.odoo.com/web_editor/shape/web_editor/Origins/11_001f805.svg]
[srbooks.odoo.com/web_editor/shape/web_editor/Origins/12d735.svg]
[srbooks.odoo.com/web_editor/shape/web_editor/Origins/13d735.svg]
[srbooks.odoo.com/web_editor/shape/web_editor/Origins/145a12.svg]
[srbooks.odoo.com/web_editor/shape/web_editor/Origins/14_001984f.svg]
[srbooks.odoo.com/web_editor/shape/web_editor/Origins/15750f.svg]
[srbooks.odoo.com/web_editor/shape/web_editor/Origins/16aae3.svg]
[srbooks.odoo.com/web_editor/shape/web_editor/Origins/17aae3.svg]
[srbooks.odoo.com/web_editor/shape/web_editor/Origins/18c8f1.svg]
[srbooks.odoo.com/web_editor/shape/web_editor/Origins/19b3f6.svg]
[srbooks.odoo.com/web_editor/shape/web_editor/Rainy/016fd3.svg]
[srbooks.odoo.com/web_editor/shape/web_editor/Rainy/01_0016fd3.svg]
[srbooks.odoo.com/web_editor/shape/web_editor/Rainy/02b42a.svg]
[srbooks.odoo.com/web_editor/shape/web_editor/Rainy/02_001b42a.svg]
[srbooks.odoo.com/web_editor/shape/web_editor/Rainy/0369ed.svg]
[srbooks.odoo.com/web_editor/shape/web_editor/Rainy/03_001d8be.svg]
[srbooks.odoo.com/web_editor/shape/web_editor/Rainy/046fd3.svg]
[srbooks.odoo.com/web_editor/shape/web_editor/Rainy/056fd3.svg]
[srbooks.odoo.com/web_editor/shape/web_editor/Rainy/05_001c8f1.svg]
[srbooks.odoo.com/web_editor/shape/web_editor/Rainy/068aee.svg]
[srbooks.odoo.com/web_editor/shape/web_editor/Rainy/078aee.svg]
[srbooks.odoo.com/web_editor/shape/web_editor/Rainy/085afb.svg]
[srbooks.odoo.com/web_editor/shape/web_editor/Rainy/08_0015afb.svg]
[srbooks.odoo.com/web_editor/shape/web_editor/Rainy/09c8f1.svg]
[srbooks.odoo.com/web_editor/shape/web_editor/Rainy/09_001c8f1.svg]
[srbooks.odoo.com/web_editor/shape/web_editor/Rainy/10e29d.svg]
[srbooks.odoo.com/web_editor/shape/web_editor/Wavy/01750f.svg]
[srbooks.odoo.com/web_editor/shape/web_editor/Wavy/01_001aae3.svg]
[srbooks.odoo.com/web_editor/shape/web_editor/Wavy/02750f.svg]
[srbooks.odoo.com/web_editor/shape/web_editor/Wavy/02_001aae3.svg]
[srbooks.odoo.com/web_editor/shape/web_editor/Wavy/0365e2.svg]
[srbooks.odoo.com/web_editor/shape/web_editor/Wavy/046fd3.svg]
[srbooks.odoo.com/web_editor/shape/web_editor/Wavy/056fd3.svg]
[srbooks.odoo.com/web_editor/shape/web_editor/Wavy/061fbc.svg]
[srbooks.odoo.com/web_editor/shape/web_editor/Wavy/06_001dc70.svg]
[srbooks.odoo.com/web_editor/shape/web_editor/Wavy/07aae3.svg]
[srbooks.odoo.com/web_editor/shape/web_editor/Wavy/083b2a.svg]
[srbooks.odoo.com/web_editor/shape/web_editor/Wavy/096fd3.svg]
[srbooks.odoo.com/web_editor/shape/web_editor/Wavy/1065e2.svg]
[srbooks.odoo.com/web_editor/shape/web_editor/Wavy/115afb.svg]
[srbooks.odoo.com/web_editor/shape/web_editor/Wavy/12c8f1.svg]
[srbooks.odoo.com/web_editor/shape/web_editor/Wavy/12_001c8f1.svg]
[srbooks.odoo.com/web_editor/shape/web_editor/Wavy/13750f.svg]
[srbooks.odoo.com/web_editor/shape/web_editor/Wavy/13_001c8f1.svg]
[srbooks.odoo.com/web_editor/shape/web_editor/Wavy/14e29d.svg]
[srbooks.odoo.com/web_editor/shape/web_editor/Wavy/15c8f1.svg]
[srbooks.odoo.com/web_editor/shape/web_editor/Wavy/16c8f1.svg]
[srbooks.odoo.com/web_editor/shape/web_editor/Wavy/17c8f1.svg]
[srbooks.odoo.com/web_editor/shape/web_editor/Wavy/18b3f6.svg]
[srbooks.odoo.com/web_editor/shape/web_editor/Wavy/19b3f6.svg]
[srbooks.odoo.com/web_editor/shape/web_editor/Wavy/203b2a.svg]
[srbooks.odoo.com/web_editor/shape/web_editor/Wavy/213b2a.svg]
[srbooks.odoo.com/web_editor/shape/web_editor/Wavy/22aae3.svg]
[srbooks.odoo.com/web_editor/shape/web_editor/Wavy/23aae3.svg]
[srbooks.odoo.com/web_editor/shape/web_editor/Wavy/2465e2.svg]
[srbooks.odoo.com/web_editor/shape/web_editor/Wavy/2565e2.svg]
[srbooks.odoo.com/web_editor/shape/web_editor/Wavy/2665e2.svg]
[srbooks.odoo.com/web_editor/shape/web_editor/Wavy/2765e2.svg]
[srbooks.odoo.com/web_editor/shape/web_editor/Wavy/28e29d.svg]
[srbooks.odoo.com/web_editor/shape/web_editor/Zigs/013b2a.svg]
[srbooks.odoo.com/web_editor/shape/web_editor/Zigs/01_0013b2a.svg]
[srbooks.odoo.com/web_editor/shape/web_editor/Zigs/023b2a.svg]
[srbooks.odoo.com/web_editor/shape/web_editor/Zigs/02_0013b2a.svg]
[srbooks.odoo.com/web_editor/shape/web_editor/Zigs/03c8f1.svg]
[srbooks.odoo.com/web_editor/shape/web_editor/Zigs/04c8f1.svg]
[srbooks.odoo.com/web_editor/shape/web_editor/Zigs/05aae3.svg]
[srbooks.odoo.com/web_editor/shape/web_editor/Zigs/064269.svg]
[srbooks.odoo.com/web_enterprise/static/img/background-light.svg]
[srbooks.odoo.com/shop/the-love-she-never-knew-2aaea.html]
[srbooks.odoo.com/shopaaea.html]
[srbooks.odoo.com/shop/the-love-she-never-knew-25287.html]
[srbooks.odoo.com/shop5287.html]
[srbooks.odoo.com/shop/the-love-she-never-knew-2528b.html]
[srbooks.odoo.com/shop528b.html]
[srbooks.odoo.com/shop/the-love-she-never-knew-29d3a.html]
[srbooks.odoo.com/shop9d3a.html]
[srbooks.odoo.com/shop/the-love-she-never-knew-286c9.html]
[srbooks.odoo.com/shop86c9.html]
[srbooks.odoo.com/web/image/product.template/2/THE LOVE SHE NEVER KNEWd269.webp]
[srbooks.odoo.com/web/image/product.product/2/image_1024/THE LOVE SHE NEVER KNEWd269.webp]
[srbooks.odoo.com/terms.html]
[srbooks.odoo.com/shop/the-love-she-never-knew-2.html]
[srbooks.odoo.com/_/web_editor/shape/web_editor/Connections/200cb2.html]
[srbooks.odoo.com/_/web_editor/shape/web_editor/Connections/205c3f.html]
[srbooks.odoo.com/_/web/image/934-c621f4fd/How to Download Thousands of Classic Books and Movies That Just Entered the Public Domain.html]
[srbooks.odoo.com/web/reset_password.html]
[srbooks.odoo.com/web/signup.html]
[srbooks.odoo.com/forum/'/web/image/forum.forum/1/image_19201b60.html]
[srbooks.odoo.com/profile/users.html]
[srbooks.odoo.com/profile/users445d.html]
[srbooks.odoo.com/profile/users5b44.html]
[srbooks.odoo.com/profile/users4da6.html]
[srbooks.odoo.com/profile/ranks_badges.html]
[srbooks.odoo.com/profile/ranks_badges4da6.html]
[srbooks.odoo.com/forum/help-1/'/web/image/forum.forum/1/image_19201b60]
[srbooks.odoo.com/profile/users5422.html]
[srbooks.odoo.com/profile/ranks_badges5422.html]
[srbooks.odoo.com/forum/help-1/faq/karma.html]
[srbooks.odoo.com/forum/help-1/faq.html]
[srbooks.odoo.com/website_forum/static/src/img/empty.svg]
[srbooks.odoo.com/forum/help-1/index.html]
[srbooks.odoo.com/shop/the-love-she-never-knew-2aaea.html]
[srbooks.odoo.com/shop/the-love-she-never-knew-25287.html]
[srbooks.odoo.com/shop/the-love-she-never-knew-2528b.html]
[srbooks.odoo.com/shop/the-love-she-never-knew-29d3a.html]
[srbooks.odoo.com/shop/the-love-she-never-knew-286c9.html]
[srbooks.odoo.com/terms.html]
[srbooks.odoo.com/profile/users.html]
[srbooks.odoo.com/profile/users445d.html]
[srbooks.odoo.com/profile/users5b44.html]
[srbooks.odoo.com/profile/ranks_badges.html]
[srbooks.odoo.com/web/image/gamification.karma.rank/5/image_128/Doctor5de4.svg]
[srbooks.odoo.com/web/image/gamification.karma.rank/4/image_128/Master5de4.svg]
[srbooks.odoo.com/web/image/gamification.karma.rank/3/image_128/Bachelor5de4.svg]
[srbooks.odoo.com/web/image/gamification.karma.rank/2/image_128/Student5de4.svg]
[srbooks.odoo.com/web/image/gamification.karma.rank/1/image_128/Newbie5de4.svg]
[srbooks.odoo.com/forum/help-1/'/web/image/forum.forum/1/image_19201b60.html]
[srbooks.odoo.com/profile/users5422.html]
[srbooks.odoo.com/profile/ranks_badges5422.html]
[srbooks.odoo.com/forum/help-1/faq/'/web/image/forum.forum/1/image_19201b60]
[srbooks.odoo.com/profile/users1ae0.html]
[srbooks.odoo.com/profile/ranks_badges1ae0.html]
[srbooks.odoo.com/forum/help-1/faq/karma.html]
[srbooks.odoo.com/forum/help-1/faq/'/web/image/forum.forum/1/image_19201b60.html]
[srbooks.odoo.com/profile/users1ae0.html]
[srbooks.odoo.com/profile/ranks_badges1ae0.html]
